// Jest Snapshot v1, https://goo.gl/fbAQLP

exports[`test AppRouter Should render properly 1`] = `
<div>
  <nav>
    <ul>
      <li>
        <a
          aria-current="page"
          className="active"
          href="/"
          onClick={[Function]}
          style={Object {}}
        >
          Home
        </a>
      </li>
      <li>
        <a
          aria-current={null}
          href="/about"
          onClick={[Function]}
        >
          About
        </a>
      </li>
      <li>
        <a
          aria-current={null}
          href="/login"
          onClick={[Function]}
        >
          Login
        </a>
      </li>
    </ul>
  </nav>
  <div>
    <h1>
      home
    </h1>
    <pre>
      {}
    </pre>
  </div>
</div>
`;
