// Jest Snapshot v1, https://goo.gl/fbAQLP

exports[`test HomeScreen Should render properly 1`] = `
<div>
  <h1>
    home
  </h1>
  <pre>
    {}
  </pre>
</div>
`;
