// Jest Snapshot v1, https://goo.gl/fbAQLP

exports[`test LoginScreen Should render properly 1`] = `
<div>
  <h1>
    login
  </h1>
  <hr />
  <button
    onClick={[Function]}
  >
    Login
  </button>
</div>
`;
