// Jest Snapshot v1, https://goo.gl/fbAQLP

exports[`AddCategory tests should render properly 1`] = `
<form
  onSubmit={[Function]}
>
  <input
    onChange={[Function]}
    type="text"
    value=""
  />
  <button
    type="submit"
  >
    Add category
  </button>
</form>
`;
