// Jest Snapshot v1, https://goo.gl/fbAQLP

exports[`GifGrid tests should render properly 1`] = `
<Fragment>
  <h3>
    goku
  </h3>
  <p>
    Loading...
  </p>
  <div
    className="card-grid"
  />
</Fragment>
`;
