// Jest Snapshot v1, https://goo.gl/fbAQLP

exports[`test TodoApp should render properly 1`] = `
<div>
  <h1>
    Todo app (
    0
    )
  </h1>
  <hr />
  <div>
    <TodoAdd
      handleAdd={[Function]}
    />
  </div>
  <TodoList
    handleComplete={[Function]}
    handleRemove={[Function]}
    todos={Array []}
  />
</div>
`;
